INFO         | Android emulator version 37.1.11.0 (build_id 15917651) (CL:N/A)
INFO         | Graphics backend: gfxstream
INFO         | Found systemPath G:\Android\Sdk\system-images\android-36\google_apis\x86_64\
INFO         | Guest usage of host flag 'VulkanVirtualQueue' will be ignored.
INFO         | Increasing RAM size to 2560MB
INFO         | IPv4 server found: 192.168.2.1
INFO         | Ignore IPv6 address: 5068:bf97:df02:0:5068:bf97:df02:0
INFO         | Ignore IPv6 address: 5068:bf97:df02:0:5068:bf97:df02:0
INFO         | Ignore IPv6 address: f872:bf97:df02:0:5068:bf97:df02:0
INFO         | Ignore IPv6 address: f872:bf97:df02:0:5068:bf97:df02:0
INFO         | Ignore IPv6 address: f872:bf97:df02:0:5068:bf97:df02:0
INFO         | Ignore IPv6 address: 1879:bf97:df02:0:5068:bf97:df02:0
INFO         | Ignore IPv6 address: 1879:bf97:df02:0:5068:bf97:df02:0
INFO         | Ignore IPv6 address: 1879:bf97:df02:0:5068:bf97:df02:0
INFO         | Guest GLES Driver: Auto (ext controls)
INFO         | emuglConfig_get_vulkan_hardware_gpu_support_info: Found physical GPU 'NVIDIA GeForce RTX 5070', type: VK_PHYSICAL_DEVICE_TYPE_DISCRETE_GPU, apiVersion: 1.4.312, driverVersion: 581.42

INFO         | emuglConfig_init: vulkan_mode_selected:host gles_mode_selected:host
INFO         | Checking system compatibility:
INFO         |   Checking: hasCompatibleHypervisor
INFO         |      Ok: Hypervisor compatibility to run avd: `shaft_test` are met
INFO         |   Checking: hasSufficientSystem
INFO         |      Ok: System requirements to run avd: `shaft_test` are met
INFO         |   Checking: hasSufficientHwGpu
INFO         |      Ok: Hardware GPU requirements to run avd: `shaft_test` are passed
INFO         |   Checking: hasSufficientDiskSpace
INFO         |      Ok: Disk space requirements to run avd: `shaft_test` are met
INFO         | Critical: Failed to load opengl32sw (找不到指定的模块。) (:0, )
INFO         | Warning: Software OpenGL failed. Falling back to system OpenGL. (:0, )
INFO         | Storing crashdata in: C:\Users\Admin\AppData\Local\Temp\\AndroidEmulator\emu-crash-37.1.11.db, detection is enabled for process: 22224
INFO         | Initializing gfxstream backend
INFO         | startOpenglesRendererImpl: gpu info
INFO         | GPU #1
  Make: 10de
  Model: NVIDIA GeForce RTX 5070
  Device ID: 2f04

INFO         | Disabling implicit Vulkan layers to avoid compatibility issues. Set VK_LOADER_LAYERS_DISABLE manually to disable this behavior.
INFO         | SharedLibrary::open for [G:\Android\Sdk\emulator\qemu\windows-x86_64\lib64\vulkan\vulkan-1.dll]
INFO         | SharedLibrary::open for [G:\Android\Sdk\emulator\lib64\vulkan\vulkan-1.dll]
INFO         | Added library: G:\Android\Sdk\emulator\lib64\vulkan\vulkan-1.dll
INFO         | Selecting Vulkan device: NVIDIA GeForce RTX 5070, Version: 1.4.312
INFO         | Using Vulkan externalMemoryMode: OpaqueWin32 for VkEmulation
INFO         | Initializing VkEmulation features:
INFO         |     glInteropSupported: true
INFO         |     useDeferredCommands: true
INFO         |     createResourceWithRequirements: true
INFO         |     useVulkanComposition: false
INFO         |     useVulkanNativeSwapchain: false
INFO         |     enable guestRenderDoc: false
INFO         |     ASTC LDR emulation mode: Gpu
INFO         |     enable ETC2 emulation: true
INFO         |     enable Ycbcr emulation: false
INFO         |     guestVulkanOnly: false
INFO         |     useDedicatedAllocations: false
INFO         |     guestVulkanMaxApiVersion: 1.3.0
INFO         |     enableProtectedMemoryEmulation: false
INFO         | Graphics Adapter Vendor Google (NVIDIA Corporation)
INFO         | Graphics Adapter Android Emulator OpenGL ES Translator (NVIDIA GeForce RTX 5070/PCIe/SSE2)
INFO         | Graphics API Version OpenGL ES 3.0 (4.5.0 NVIDIA 581.42)
INFO         | Graphics API Extensions GL_OES_EGL_sync GL_OES_EGL_image GL_OES_EGL_image_external GL_OES_depth24 GL_OES_depth32 GL_OES_element_index_uint GL_OES_texture_float GL_OES_texture_float_linear GL_OES_compressed_paletted_texture GL_OES_compressed_ETC1_RGB8_texture GL_OES_depth_texture GL_OES_texture_half_float GL_OES_texture_half_float_linear GL_OES_packed_depth_stencil GL_OES_vertex_half_float GL_OES_texture_npot GL_OES_rgb8_rgba8 GL_OVR_multiview2 GL_EXT_multiview_texture_multisample GL_EXT_color_buffer_float GL_EXT_color_buffer_half_float GL_EXT_texture_format_BGRA8888 GL_APPLE_texture_format_BGRA8888 GL_EXT_texture_buffer 
INFO         | Graphics Device Extensions N/A
INFO         | Disabling sparse binding feature support
INFO         | Sending adb public key [QAAAACniM0XnJWeQuvpIQYYikd6y54ANRzUXXVWBgPVr6hdx2c9FrajjaNF/zJSr0FnVpD5mwoU34I33gXwv1YCvVnWvk2gvqajic/wfYBwrYTyR0js+uEG3VgCq+boNVIeCAGfl2Y9KVphe+R7BDtwl10iXP0Npb+br1hD/f1fnHgd88UZLyG5l6q36sd1KHnjGfCwc8cj/0arOtDTLBiSIG7ssdfrjL+dmQhyMX7ZqxTcB82CY/KBE/RuhCwXg83wmbGhTks8hQcgjVhWGw3sXfjCdSSJS0TgvsnN04BTP4YLqbRXz0jur28Yt21n6eC04fnM0EOmAFb16LnSQxE90lhIbl1/LYowcJrfG+g73kC/ArpYod8km/zXoUg604ywb3l3ROODJnJIz3F+8rHKeEAvcPpRvxbVS+f3+XXmMUTgtFj1HwN33CClyZjj/c/Sp2oIsECVKISjtY4VWTk0h/s5z7hLJ/mQggdDYNK3Pjm/it52OFKcE+4xm+f92tjl8oX7MfejPiIeeKIQxn7Hr3fxFZ5jEQc/eOTqR/pQX7nGDyWJzThbT9GE5Poez81tMqXfigEqXWxq2HBoMbVlJLi3drttF/JsKSPT8V9LX0HVVCkuF038OdOGDDUWx36gc1of5NiWtk6AosMskyli/J8tVjLYlcfNbB9KQ8vuKEAxF2s0ZwwEAAQA= @unknown]
INFO         | Userspace boot properties:
INFO         |   androidboot.boot_devices=pci0000:00/0000:00:03.0 pci0000:00/0000:00:06.0
INFO         |   androidboot.dalvik.vm.heapsize=576m
INFO         |   androidboot.debug.hwui.renderer=skiagl
INFO         |   androidboot.hardware=ranchu
INFO         |   androidboot.hardware.gltransport=pipe
INFO         |   androidboot.hardware.vulkan=ranchu
INFO         |   androidboot.logcat=*:V
INFO         |   androidboot.opengles.version=196609
INFO         |   androidboot.qemu=1
INFO         |   androidboot.qemu.adb.pubkey=QAAAACniM0XnJWeQuvpIQYYikd6y54ANRzUXXVWBgPVr6hdx2c9FrajjaNF/zJSr0FnVpD5mwoU34I33gXwv1YCvVnWvk2gvqajic/wfYBwrYTyR0js+uEG3VgCq+boNVIeCAGfl2Y9KVphe+R7BDtwl10iXP0Npb+br1hD/f1fnHgd88UZLyG5l6q36sd1KHnjGfCwc8cj/0arOtDTLBiSIG7ssdfrjL+dmQhyMX7ZqxTcB82CY/KBE/RuhCwXg83wmbGhTks8hQcgjVhWGw3sXfjCdSSJS0TgvsnN04BTP4YLqbRXz0jur28Yt21n6eC04fnM0EOmAFb16LnSQxE90lhIbl1/LYowcJrfG+g73kC/ArpYod8km/zXoUg604ywb3l3ROODJnJIz3F+8rHKeEAvcPpRvxbVS+f3+XXmMUTgtFj1HwN33CClyZjj/c/Sp2oIsECVKISjtY4VWTk0h/s5z7hLJ/mQggdDYNK3Pjm/it52OFKcE+4xm+f92tjl8oX7MfejPiIeeKIQxn7Hr3fxFZ5jEQc/eOTqR/pQX7nGDyWJzThbT9GE5Poez81tMqXfigEqXWxq2HBoMbVlJLi3drttF/JsKSPT8V9LX0HVVCkuF038OdOGDDUWx36gc1of5NiWtk6AosMskyli/J8tVjLYlcfNbB9KQ8vuKEAxF2s0ZwwEAAQA= @unknown
INFO         |   androidboot.qemu.avd_name=shaft_test
INFO         |   androidboot.qemu.camera_hq_edge_processing=0
INFO         |   androidboot.qemu.camera_protocol_ver=1
INFO         |   androidboot.qemu.cpuvulkan.version=4206592
INFO         |   androidboot.qemu.gltransport.drawFlushInterval=800
INFO         |   androidboot.qemu.gltransport.name=pipe
INFO         |   androidboot.qemu.hwcodec.avcdec=2
INFO         |   androidboot.qemu.hwcodec.hevcdec=2
INFO         |   androidboot.qemu.hwcodec.vpxdec=2
INFO         |   androidboot.qemu.settings.system.screen_off_timeout=2147483647
INFO         |   androidboot.qemu.skin=1080x2400
INFO         |   androidboot.qemu.virtiowifi=1
INFO         |   androidboot.qemu.vsync=60
INFO         |   androidboot.serialno=EMULATOR37X1X11X0
INFO         |   androidboot.vbmeta.digest=7466b5c28e6a3e1427b22ed2c317c6c7066294bde838d4d5243cce5d37992bd5
INFO         |   androidboot.vbmeta.hash_alg=sha256
INFO         |   androidboot.vbmeta.size=6848
INFO         |   androidboot.veritymode=enforcing
WHPX on Windows 10.0.19045 detected.
Windows Hypervisor Platform accelerator is operational
netsimd I 09-06 07:39:15.801 external/netsim+/rust/daemon/src\rust_main.rs:93 - netsim artifacts path: "C:\\Users\\Admin\\AppData\\Local\\Temp\\netsimd"
netsimd I 09-06 07:39:15.802 external/netsim+/rust/daemon/src\rust_main.rs:96 - NetsimdArgs {
    fd_startup_str: None,
    no_cli_ui: true,
    no_web_ui: true,
    pcap: false,
    disable_address_reuse: false,
    hci_port: None,
    connector_instance: None,
    instance: None,
    logtostderr: false,
    dev: false,
    forward_host_mdns: false,
    vsock: None,
    config: None,
    host_dns: Some(
        "192.168.2.1",
    ),
    http_proxy: None,
    wifi_tap: None,
    wifi: None,
    test_beacons: false,
    no_test_beacons: false,
    no_shutdown: false,
    verbose: false,
    version: false,
    debug: DebugArgs {
        debug_no_traffic: false,
        debug_no_network: false,
        debug_no_wmedium: false,
        debug_no_mdns_wmedium: false,
        debug_no_guest_to_host_mdns: false,
    },
    rssi: None,
}
INFO         | Monitoring duration of emulator setup.
WARNING      | The emulator now requires a signed jwt token for gRPC access! Use the -grpc flag if you really want an open unprotected grpc port
INFO         | Using security allow list from: G:\Android\Sdk\emulator\lib\emulator_access.json
INFO         | The active JSON Web Key Sets can be found here: C:\Users\Admin\AppData\Local\Temp\avd\running\22224\jwks\f98f1f51-1889-440f-a1e5-64e391783ebd\active.jwk
INFO         | Scanning C:\Users\Admin\AppData\Local\Temp\avd\running\22224\jwks\f98f1f51-1889-440f-a1e5-64e391783ebd for jwk keys.
INFO         | Started GRPC server at 127.0.0.1:8554, security: Local, auth: +token
INFO         | Advertising in: C:\Users\Admin\AppData\Local\Temp\avd\running\pid_22224.ini
INFO         | Activated packet streamer for bluetooth emulation
INFO         | Activated packet streamer for uwb emulation
INFO         | Successfully initialized netsim WiFi
INFO         | Setting display: 0 configuration to: 1080x2400, dpi: 420x420 
INFO         | setDisplayActiveConfig: id:0, 1080x2400
INFO         | Checking system compatibility:
INFO         |   Checking: hasCompatibleHypervisor
INFO         |      Ok: Hypervisor compatibility to run avd: `shaft_test` are met
INFO         |   Checking: hasSufficientSystem
INFO         |      Ok: System requirements to run avd: `shaft_test` are met
INFO         |   Checking: hasSufficientHwGpu
INFO         |      Ok: Hardware GPU requirements to run avd: `shaft_test` are passed
INFO         |   Checking: hasSufficientDiskSpace
INFO         |      Ok: Disk space requirements to run avd: `shaft_test` are met
INFO         | emulatorSetupEnvironment: Environment scene is not required
USER_INFO    | Emulator is performing a full startup. This may take upto two minutes, or more.
INFO         | Warning: QMetaObject::connectSlotsByName: No matching signal for on_rgbcSensorValueWidget_valueChanged() (:0, )
INFO         | Warning: QMetaObject::connectSlotsByName: No matching signal for on_posture_valueChanged(int) (:0, )
INFO         | TouchpadHolder: registering via hw_xr_led agent for instance=000002E05136AC70
INFO         | Warning: QObject::connect: Cannot queue arguments of type 'std::vector<android::emulation::control::SnapshotInfo>'
(Make sure 'std::vector<android::emulation::control::SnapshotInfo>' is registered using qRegisterMetaType().) (:0, )
INFO         | AVD supportsNativeGLES=1, supportsGuestAngle=1
INFO         | Guest Angle is still unstable for API > 35.
INFO         | Created extended window in 857.965ms
INFO         | Critical: UpdateLayeredWindowIndirect failed for ptDst=(144, 131), size=(300x21), dirty=(300x21 0, 0) (连到系统上的设备没有发挥作用。) (:0, )
INFO         | Boot completed in 90566 ms
